<a href="https://example.com?baz=qux&foo=bar&s=test">Test</a>
