<a href="https://example.com?baz=qux&foo=bar">Test</a>
