<a href="https://example.com?foo=bar&baz=qux">Test</a>
