<a href="https://example.com?foo=bar">Test</a>
<link rel="stylesheet" href="https://example.com/style.css?foo=bar">
<module href="https://example.com/header.html">
</module>
